║             TXADMIN║ ================================================================
║             TXADMIN║ ======== [3688] FXServer Starting - 6/9/2026, 11:52:43 a. m.    
║             TXADMIN║ ================================================================
[                 cmd] Argument count mismatch (passed 1, wanted 2)
[           resources] Scanning resources.
[   resources:pNotify] Warning: pNotify exists in more than one place (C:\Users\Valentino\Desktop\server\server-data\resources\[hud]\pNotify is used, the duplicate is C:\Users\Valentino\Desktop\server\server-data\resources\[jobs]\[nowl]\[minero]\pNotify)
[   resources:pNotify] Warning: pNotify has an outdated manifest (__resource.lua instead of fxmanifest.lua)
[     resources:blips] Warning: blips has an outdated manifest (__resource.lua instead of fxmanifest.lua)
[resources:PoliceVehi] Warning: PoliceVehiclesWeaponDeleter has an outdated manifest (__resource.lua instead of fxmanifest.lua)
[resources:barrasuelo] Warning: barrasuelo has an outdated manifest (__resource.lua instead of fxmanifest.lua)
[resources:cruzarbras] Warning: cruzarbrasos has an outdated manifest (__resource.lua instead of fxmanifest.lua)
[           resources] Found 160 resources.
[           resources] 6 warnings were encountered.
[          svadhesive] Authenticating server license key...
[          svadhesive] Error: Could not authenticate server license key. Your key is owned by a suspended account.
║              STDERR║ Fatal Error: Could not authenticate server license key. Your key is owned by a suspended account.↩
║             TXADMIN║ Restarting server: Server process close detected.

║             TXADMIN║ ================================================================
║             TXADMIN║ ======== [5664] FXServer Starting - 6/9/2026, 11:52:57 a. m.    
║             TXADMIN║ ================================================================
[                 cmd] Argument count mismatch (passed 1, wanted 2)
[           resources] Scanning resources.
[   resources:pNotify] Warning: pNotify exists in more than one place (C:\Users\Valentino\Desktop\server\server-data\resources\[hud]\pNotify is used, the duplicate is C:\Users\Valentino\Desktop\server\server-data\resources\[jobs]\[nowl]\[minero]\pNotify)
[   resources:pNotify] Warning: pNotify has an outdated manifest (__resource.lua instead of fxmanifest.lua)
[     resources:blips] Warning: blips has an outdated manifest (__resource.lua instead of fxmanifest.lua)
[resources:PoliceVehi] Warning: PoliceVehiclesWeaponDeleter has an outdated manifest (__resource.lua instead of fxmanifest.lua)
[resources:barrasuelo] Warning: barrasuelo has an outdated manifest (__resource.lua instead of fxmanifest.lua)
[resources:cruzarbras] Warning: cruzarbrasos has an outdated manifest (__resource.lua instead of fxmanifest.lua)
[           resources] Found 160 resources.
[           resources] 6 warnings were encountered.
[          svadhesive] Authenticating server license key...
[          svadhesive] Error: Could not authenticate server license key. Your key is owned by a suspended account.
║              STDERR║ Fatal Error: Could not authenticate server license key. Your key is owned by a suspended account.↩
║             TXADMIN║ Restarting server: Server boot timed out (P:45s|HB:--|HC:--).
║             TXADMIN║ - No successful HeartBeat yet.
║             TXADMIN║ - No resource currently loading.
║             TXADMIN║ - No resource event received within the 30s limit.
║             TXADMIN║ txaEvent "serverShuttingDown" "{\"delay\":5000,\"author\":\"txAdmin\",\"message\":\"Server restarting (the server needs to be restarted, please reconnect).\"}"

║             TXADMIN║ ================================================================
║             TXADMIN║ ======== [9360] FXServer Starting - 6/9/2026, 11:53:48 a. m.    
║             TXADMIN║ ================================================================
[                 cmd] Argument count mismatch (passed 1, wanted 2)
[           resources] Scanning resources.
[   resources:pNotify] Warning: pNotify exists in more than one place (C:\Users\Valentino\Desktop\server\server-data\resources\[hud]\pNotify is used, the duplicate is C:\Users\Valentino\Desktop\server\server-data\resources\[jobs]\[nowl]\[minero]\pNotify)
[   resources:pNotify] Warning: pNotify has an outdated manifest (__resource.lua instead of fxmanifest.lua)
[     resources:blips] Warning: blips has an outdated manifest (__resource.lua instead of fxmanifest.lua)
[resources:PoliceVehi] Warning: PoliceVehiclesWeaponDeleter has an outdated manifest (__resource.lua instead of fxmanifest.lua)
[resources:barrasuelo] Warning: barrasuelo has an outdated manifest (__resource.lua instead of fxmanifest.lua)
[resources:cruzarbras] Warning: cruzarbrasos has an outdated manifest (__resource.lua instead of fxmanifest.lua)
[           resources] Found 160 resources.
[           resources] 6 warnings were encountered.
[          svadhesive] Authenticating server license key...
[          svadhesive] Error: Could not authenticate server license key. Your key is owned by a suspended account.
║              STDERR║ Fatal Error: Could not authenticate server license key. Your key is owned by a suspended account.↩
║             TXADMIN║ Restarting server: Server process close detected.

║             TXADMIN║ ================================================================
║             TXADMIN║ ======== [7404] FXServer Starting - 6/9/2026, 11:53:51 a. m.    
║             TXADMIN║ ================================================================
[                 cmd] Argument count mismatch (passed 1, wanted 2)
[           resources] Scanning resources.
[   resources:pNotify] Warning: pNotify exists in more than one place (C:\Users\Valentino\Desktop\server\server-data\resources\[hud]\pNotify is used, the duplicate is C:\Users\Valentino\Desktop\server\server-data\resources\[jobs]\[nowl]\[minero]\pNotify)
[   resources:pNotify] Warning: pNotify has an outdated manifest (__resource.lua instead of fxmanifest.lua)
[     resources:blips] Warning: blips has an outdated manifest (__resource.lua instead of fxmanifest.lua)
[resources:PoliceVehi] Warning: PoliceVehiclesWeaponDeleter has an outdated manifest (__resource.lua instead of fxmanifest.lua)
[resources:barrasuelo] Warning: barrasuelo has an outdated manifest (__resource.lua instead of fxmanifest.lua)
[resources:cruzarbras] Warning: cruzarbrasos has an outdated manifest (__resource.lua instead of fxmanifest.lua)
[           resources] Found 160 resources.
[           resources] 6 warnings were encountered.
[          svadhesive] Authenticating server license key...
[          svadhesive] Error: Could not authenticate server license key. Your key is owned by a suspended account.
║              STDERR║ Fatal Error: Could not authenticate server license key. Your key is owned by a suspended account.↩
║             TXADMIN║ Restarting server: Server process close detected.

║             TXADMIN║ ================================================================
║             TXADMIN║ ======== [8028] FXServer Starting - 6/9/2026, 11:54:00 a. m.    
║             TXADMIN║ ================================================================
[                 cmd] Argument count mismatch (passed 1, wanted 2)
[           resources] Scanning resources.
[   resources:pNotify] Warning: pNotify exists in more than one place (C:\Users\Valentino\Desktop\server\server-data\resources\[hud]\pNotify is used, the duplicate is C:\Users\Valentino\Desktop\server\server-data\resources\[jobs]\[nowl]\[minero]\pNotify)
[   resources:pNotify] Warning: pNotify has an outdated manifest (__resource.lua instead of fxmanifest.lua)
[     resources:blips] Warning: blips has an outdated manifest (__resource.lua instead of fxmanifest.lua)
[resources:PoliceVehi] Warning: PoliceVehiclesWeaponDeleter has an outdated manifest (__resource.lua instead of fxmanifest.lua)
[resources:barrasuelo] Warning: barrasuelo has an outdated manifest (__resource.lua instead of fxmanifest.lua)
[resources:cruzarbras] Warning: cruzarbrasos has an outdated manifest (__resource.lua instead of fxmanifest.lua)
[           resources] Found 160 resources.
[           resources] 6 warnings were encountered.
[          svadhesive] Authenticating server license key...
[          svadhesive] Server license key authentication succeeded. Welcome!
[    c-scripting-core] Creating script environments for monitor
[      script:monitor] [txAdmin] Resource v8.1.1 threads and commands set up. All Ready.
[           resources] Started resource monitor
[                 cmd] Argument count mismatch (passed 1, wanted 2)
[    c-scripting-core] Creating script environments for yarn
[           resources] Started resource yarn
[ citizen-server-impl] Running build tasks on resource webpack - it'll restart once completed.
[    c-resources-core] Could not start dependency webpack for resource chat.
[ citizen-server-impl] Couldn't start resource chat.
[           resources] Started resource spawnmanager
[    c-scripting-core] Creating script environments for sessionmanager
[           resources] Started resource sessionmanager
[    c-scripting-core] Creating script environments for hardcap
[           resources] Started resource hardcap
[    c-scripting-core] Creating script environments for rconlog
[           resources] Started resource rconlog
[    c-scripting-core] Creating script environments for oxmysql
[           resources] Started resource oxmysql
[    c-scripting-core] Creating script environments for es_extended
[           resources] Started resource es_extended
[    c-scripting-core] Creating script environments for ox_lib
[           resources] Started resource ox_lib
[    c-scripting-core] Creating script environments for illenium-appearance
[           resources] Started resource illenium-appearance
[    c-scripting-core] Creating script environments for async
[           resources] Started resource async
[    c-scripting-core] Creating script environments for cron
[           resources] Started resource cron
[    c-scripting-core] Creating script environments for esx_addonaccount
[           resources] Started resource esx_addonaccount
[    c-scripting-core] Creating script environments for esx_addoninventory
[           resources] Started resource esx_addoninventory
[    c-scripting-core] Creating script environments for esx_status
[           resources] Started resource esx_status
[    c-scripting-core] Creating script environments for esx_basicneeds
[           resources] Started resource esx_basicneeds
[    c-scripting-core] Creating script environments for esx_billing
[           resources] Started resource esx_billing
[    c-scripting-core] Creating script environments for esx_carlock
[           resources] Started resource esx_carlock
[    c-scripting-core] Creating script environments for esx_datastore
[           resources] Started resource esx_datastore
[    c-scripting-core] Creating script environments for esx_license
[           resources] Started resource esx_license
[    c-scripting-core] Creating script environments for esx_dmvschool
[resources:esx_dmvsch] Warning: could not find file `html/logo.png` (defined in fxmanifest.lua:27)
[           resources] Started resource esx_dmvschool (1 warning)
[    c-scripting-core] Creating script environments for esx_gasolina
[resources:esx_gasoli] Warning: could not find server_script `source/fuel_server.lua` (defined in fxmanifest.lua:21)
[           resources] Started resource esx_gasolina (1 warning)
[    c-scripting-core] Creating script environments for esx_vehicleshop
[           resources] Started resource esx_vehicleshop
[    c-scripting-core] Creating script environments for esx_givevehicle
[           resources] Started resource esx_givevehicle
[    c-scripting-core] Creating script environments for esx_holdup
[           resources] Started resource esx_holdup
[    c-scripting-core] Creating script environments for esx_identity
[           resources] Started resource esx_identity
[    c-scripting-core] Creating script environments for esx_lavardinero
[resources:esx_lavard] Warning: could not find client_script `locales/es.lua` (defined in __resource.lua:3)
[resources:esx_lavard] Warning: could not find server_script `locales/es.lua` (defined in __resource.lua:13)
[           resources] Started resource esx_lavardinero (2 warnings)
[    c-scripting-core] Creating script environments for esx_menu_default
[script:esx_menu_defa] SCRIPT ERROR: @esx_menu_default/server/server.lua:1: bad argument #2 to 'I' (number expected, got no value)
[           resources] Started resource esx_menu_default
[           resources] Started resource esx_menu_dialog
[           resources] Started resource esx_menu_list
[    c-scripting-core] Creating script environments for esx_notify
[resources:esx_notify] Warning: could not find file `nui/img/*.png` (defined in fxmanifest.lua:14)
[           resources] Started resource esx_notify (1 warning)
[    c-scripting-core] Creating script environments for esx_progressbar
[resources:esx_progre] Warning: could not find file `nui/img/*.png` (defined in fxmanifest.lua:11)
[           resources] Started resource esx_progressbar (1 warning)
[    c-scripting-core] Creating script environments for esx_society
[           resources] Started resource esx_society
[    c-scripting-core] Creating script environments for esx_textui
[           resources] Started resource esx_textui
[    c-scripting-core] Creating script environments for esx_vehicleshopvip
[           resources] Started resource esx_vehicleshopvip
[    c-scripting-core] Creating script environments for cd_drawtextui
[           resources] Started resource cd_drawtextui
[    c-scripting-core] Creating script environments for cd_easytime
[           resources] Started resource cd_easytime
[           resources] Started resource cd_garageshell
[ citizen-server-impl] You lack the required entitlement to use cd_garage
[ citizen-server-impl] Couldn't start resource cd_garage.
[    c-scripting-core] Creating script environments for cd_keymaster
[           resources] Started resource cd_keymaster
[ citizen-server-impl] You lack the required entitlement to use Rovo_Hud
[ citizen-server-impl] Couldn't start resource Rovo_Hud.
[    c-scripting-core] Creating script environments for ks_onlinejobs
[           resources] Started resource ks_onlinejobs
[    c-scripting-core] Creating script environments for mumble-voip
[           resources] Started resource mumble-voip
[    c-scripting-core] Creating script environments for pNotify
[    c-scripting-core] Failed to load script @FiveEye/FiveEye.lua.
[   resources:pNotify] Warning: could not find file `html/sound-example.wav` (defined in __resource.lua:12)
[           resources] Started resource pNotify (1 warning)
[    c-scripting-core] Creating script environments for reportsystem
[           resources] Started resource reportsystem
[  resources:rp-radio] Warning: could not find server_script `server.lua` (defined in fxmanifest.lua:26)
[           resources] Started resource rp-radio (1 warning)
[    c-scripting-core] Creating script environments for ox_inventory
[           resources] Started resource ox_inventory
[resources:MapBurguer] Warning: could not find file `interiorproxies.meta` (defined in __resource.lua:4)
[resources:MapBurguer] Asset MapBurguershot/uniqx_burgershot_tex.ytd uses 22.0 MiB of physical memory.
[           resources] Started resource MapBurguershot (2 warnings)
[           resources] Started resource MapConsePlaya
[           resources] Started resource MapGC
[resources:MapMecanic] Asset MapMecanico/ajaxon_burton_lsc.ytd uses 45.0 MiB of physical memory.
[resources:MapMecanic] Asset MapMecanico/bt1_02_build.ytd uses 25.1 MiB of physical memory.
[           resources] Started resource MapMecanico (2 warnings)
[resources:Mapbarrunt] Warning: could not find file `vehicles.meta` (defined in __resource.lua:3)
[resources:Mapbarrunt] Warning: could not find file `carvariations.meta` (defined in __resource.lua:3)
[resources:Mapbarrunt] Warning: could not find file `carcols.meta` (defined in __resource.lua:3)
[resources:Mapbarrunt] Warning: could not find file `handling.meta` (defined in __resource.lua:3)
[resources:Mapbarrunt] Warning: could not find file `vehiclelayouts.meta` (defined in __resource.lua:3)
[resources:Mapbarrunt] Asset Mapbarrunto/SLB2k11_pearls_details_7.ydr uses 24.0 MiB of physical memory.
[resources:Mapbarrunt] Asset Mapbarrunto/SLB2k11_pearls_sideshell.ydr uses 32.0 MiB of physical memory.
[resources:Mapbarrunt] Asset Mapbarrunto/slb2k11_beach_torch2.ydr uses 24.0 MiB of physical memory.
[           resources] Started resource Mapbarrunto (8 warnings)
[resources:Mapcocaina] Asset Mapcocaina/bloods_shell.ydr uses 18.5 MiB of physical memory.
[           resources] Started resource Mapcocaina (1 warning)
[resources:Maplspd:st] Asset Maplspd/gabz_mrpd_txd.ytd uses 37.0 MiB of physical memory.
[           resources] Started resource Maplspd (1 warning)
[  resources:Mapswatt] Warning: could not find file `vehicles.meta` (defined in __resource.lua:3)
[  resources:Mapswatt] Warning: could not find file `carvariations.meta` (defined in __resource.lua:3)
[  resources:Mapswatt] Warning: could not find file `carcols.meta` (defined in __resource.lua:3)
[  resources:Mapswatt] Warning: could not find file `handling.meta` (defined in __resource.lua:3)
[  resources:Mapswatt] Warning: could not find file `vehiclelayouts.meta` (defined in __resource.lua:3)
[resources:Mapswatt:s] Asset Mapswatt/gabz_paletopd_txd.ytd uses 17.0 MiB of physical memory.
[resources:Mapswatt:s] Asset Mapswatt/gabz_pdprops01_txd.ytd uses 27.5 MiB of physical memory.
[           resources] Started resource Mapswatt (7 warnings)
[           resources] Started resource Mcdonaldsgc
[ citizen-server-impl] You lack the required entitlement to use Parqueacuaticoplaya
[ citizen-server-impl] Couldn't start resource Parqueacuaticoplaya.
[resources:carpack_fl] Asset carpack_floor/mz_carpak_shell.ydr uses 25.5 MiB of physical memory.
[           resources] Started resource carpack_floor (1 warning)
[resources:gmap_thene] Asset gmap_thenewgarage_7-11/gmap_thenewgarage_7-11_boardstand02.ydr uses 20.0 MiB of physical memory.
[           resources] Started resource gmap_thenewgarage_7-11 (1 warning)
[resources:gmap_thene] Asset gmap_thenewgarage_base/gmap_thernewgarage_texture.ytd uses 19.0 MiB of physical memory.
[           resources] Started resource gmap_thenewgarage_base (1 warning)
[           resources] Started resource gmap_thenewgarage_clote
[           resources] Started resource gmap_thenewgarage_kfc
[resources:gta_props_] Asset gta_props_fivem/ch_chint06_dlc_casino_back.ytd uses 21.5 MiB of physical memory.
[           resources] Started resource gta_props_fivem (1 warning)
[           resources] Started resource heli_lift
[    c-scripting-core] Creating script environments for mountzonah_lift
[           resources] Started resource mountzonah_lift
[resources:mz_addons:] Asset mz_addons/moutnz_zonah.ytd uses 40.0 MiB of physical memory.
[resources:mz_addons:] Asset mz_addons/mz_pharm.ytd uses 56.0 MiB of physical memory. Oversized assets can and WILL lead to streaming issues (such as models not loading/rendering).
[           resources] Started resource mz_addons (2 warnings)
[           resources] Started resource operation_floor
[           resources] Started resource room_floor
[           resources] Started resource urgence_floor
[resources:CayoPerico] Asset CayoPerico/ch3_13_land_c_bridge_v1_txt.ytd uses 21.0 MiB of physical memory.
[           resources] Started resource CayoPerico (1 warning)
[           resources] Started resource Cayo_perico_Open
[resources:DLCiplLoad] Asset DLCiplLoader/ks_vwint03_garage_shell.ydr uses 21.0 MiB of physical memory.
[           resources] Started resource DLCiplLoader (1 warning)
[    c-scripting-core] Creating script environments for Itemsvip
[  resources:Itemsvip] Warning: could not find file `stream/Mousehat.ydr` (defined in __resource.lua:18)
[  resources:Itemsvip] Warning: could not find file `stream/Mousehat.ytd` (defined in __resource.lua:18)
[  resources:Itemsvip] Warning: could not find file `stream/DevilHorns.ydr` (defined in __resource.lua:18)
[  resources:Itemsvip] Warning: could not find file `stream/DevilHorns.ytd` (defined in __resource.lua:18)
[  resources:Itemsvip] Warning: could not find file `stream/DevilHorns2.ydr` (defined in __resource.lua:18)
[  resources:Itemsvip] Warning: could not find file `stream/DevilHorns2.ytd` (defined in __resource.lua:18)
[  resources:Itemsvip] Warning: could not find file `stream/CatEars1.ydr` (defined in __resource.lua:18)
[  resources:Itemsvip] Warning: could not find file `stream/CatEars1.ytd` (defined in __resource.lua:18)
[  resources:Itemsvip] Warning: could not find file `stream/woodcooper.ydr` (defined in __resource.lua:18)
[  resources:Itemsvip] Warning: could not find file `stream/woodcooper.ytd` (defined in __resource.lua:18)
[  resources:Itemsvip] Warning: could not find file `stream/cyclops.ytd` (defined in __resource.lua:18)
[  resources:Itemsvip] Warning: could not find file `stream/cyclops.ydr` (defined in __resource.lua:18)
[  resources:Itemsvip] Warning: could not find file `stream/mrak1.ydr` (defined in __resource.lua:18)
[  resources:Itemsvip] Warning: could not find file `stream/mrak1.ytd` (defined in __resource.lua:18)
[  resources:Itemsvip] Warning: could not find file `stream/diamond1.ydr` (defined in __resource.lua:18)
[  resources:Itemsvip] Warning: could not find file `stream/diamond1.ytd` (defined in __resource.lua:18)
[  resources:Itemsvip] Warning: could not find file `stream/mask3.ydr` (defined in __resource.lua:18)
[  resources:Itemsvip] Warning: could not find file `stream/mask3.ytd` (defined in __resource.lua:18)
[  resources:Itemsvip] Warning: could not find file `stream/mask2.ydr` (defined in __resource.lua:18)
[  resources:Itemsvip] Warning: could not find file `stream/mask2.ytd` (defined in __resource.lua:18)
[  resources:Itemsvip] Warning: could not find file `stream/mask4.ydr` (defined in __resource.lua:18)
[  resources:Itemsvip] Warning: could not find file `stream/mask4.ytd` (defined in __resource.lua:18)
[  resources:Itemsvip] Warning: could not find file `stream/diamond2.ydr` (defined in __resource.lua:18)
[  resources:Itemsvip] Warning: could not find file `stream/diamond2.ytd` (defined in __resource.lua:18)
[  resources:Itemsvip] Warning: could not find file `stream/ufohead.ydr` (defined in __resource.lua:18)
[  resources:Itemsvip] Warning: could not find file `stream/ufohead.ytd` (defined in __resource.lua:18)
[  resources:Itemsvip] Warning: could not find file `stream/prop_hat-magic.ydr` (defined in __resource.lua:18)
[  resources:Itemsvip] Warning: could not find file `stream/prop_hat-magic.ytd` (defined in __resource.lua:18)
[  resources:Itemsvip] Warning: could not find file `stream/mask5.ydr` (defined in __resource.lua:18)
[  resources:Itemsvip] Warning: could not find file `stream/mask5.ytd` (defined in __resource.lua:18)
[  resources:Itemsvip] Warning: could not find file `stream/mask6.ydr` (defined in __resource.lua:18)
[  resources:Itemsvip] Warning: could not find file `stream/mask6.ytd` (defined in __resource.lua:18)
[  resources:Itemsvip] Warning: could not find file `stream/one1.ydr` (defined in __resource.lua:18)
[  resources:Itemsvip] Warning: could not find file `stream/one1.ytd` (defined in __resource.lua:18)
[  resources:Itemsvip] Warning: could not find file `stream/one2.ydr` (defined in __resource.lua:18)
[  resources:Itemsvip] Warning: could not find file `stream/one2.ytd` (defined in __resource.lua:18)
[  resources:Itemsvip] Warning: could not find file `stream/wood1.ydr` (defined in __resource.lua:18)
[  resources:Itemsvip] Warning: could not find file `stream/wood1.ytd` (defined in __resource.lua:18)
[  resources:Itemsvip] Warning: could not find file `stream/wood2.ydr` (defined in __resource.lua:18)
[  resources:Itemsvip] Warning: could not find file `stream/wood2.ytd` (defined in __resource.lua:18)
[  resources:Itemsvip] Warning: could not find file `stream/wood3.ydr` (defined in __resource.lua:18)
[  resources:Itemsvip] Warning: could not find file `stream/wood3.ytd` (defined in __resource.lua:18)
[  resources:Itemsvip] Warning: could not find file `stream/wood1oakker.ydr` (defined in __resource.lua:18)
[  resources:Itemsvip] Warning: could not find file `stream/wood1oakker.ytd` (defined in __resource.lua:18)
[  resources:Itemsvip] Warning: could not find file `stream/maleficent1.ydr` (defined in __resource.lua:18)
[  resources:Itemsvip] Warning: could not find file `stream/maleficent1.ytd` (defined in __resource.lua:18)
[  resources:Itemsvip] Warning: could not find file `stream/pCubewhiteblack.ydr` (defined in __resource.lua:18)
[  resources:Itemsvip] Warning: could not find file `stream/pCubewhiteblack.ytd` (defined in __resource.lua:18)
[           resources] Started resource Itemsvip (48 warnings)
[    c-scripting-core] Creating script environments for MusicEverywhere
[           resources] Started resource MusicEverywhere
[           resources] Started resource NoNPC
[    c-scripting-core] Creating script environments for Roda_AdminMenu
[           resources] Started resource Roda_AdminMenu
[    c-scripting-core] Creating script environments for Roda_Components
[           resources] Started resource Roda_Components
[    c-scripting-core] Creating script environments for Roda_vanilla
[           resources] Started resource Roda_vanilla
[    c-scripting-core] Creating script environments for Rovoard
[           resources] Started resource Rovoard
[           resources] Started resource anticulatazo
[           resources] Started resource barrasuelo
[ citizen-server-impl] You lack the required entitlement to use biyei_coins
[ citizen-server-impl] Couldn't start resource biyei_coins.
[ citizen-server-impl] You lack the required entitlement to use biyei_defcon
[ citizen-server-impl] Couldn't start resource biyei_defcon.
[           resources] Started resource blips
[           resources] Started resource bob74_ipl
[    c-scripting-core] Creating script environments for cargar
[           resources] Started resource cargar
[    c-scripting-core] Creating script environments for cc_loading
[    c-scripting-core] Failed to load script @WaveShield/resource/waveshield.lua.
[           resources] Started resource cc_loading
[ citizen-server-impl] Running build tasks on resource webpack - it'll restart once completed.
[    c-resources-core] Could not start dependency webpack for resource chat.
[ citizen-server-impl] Couldn't start resource chat.
[    c-scripting-core] Creating script environments for crno_coords
[  script:crno_coords] ---------------------------------------------------
[  script:crno_coords] Canario Shop | Copy Coords
[  script:crno_coords] Creador: SirCanario#2866
[  script:crno_coords] Canario Shop: https://discord.gg/XqWrFymfzP
[  script:crno_coords] Canario Host: https://canario-hosting.com/
[  script:crno_coords] ---------------------------------------------------
[           resources] Started resource crno_coords
[           resources] Started resource cruzarbrasos
[           resources] Started resource dpclothing
[    c-scripting-core] Creating script environments for dpemotes
[     script:dpemotes] WC EMOTES V5 | Discord: https://discord.gg/cUxnazUxqU
[     script:dpemotes] [rp] Sql Keybinding is turned off, if you want to enable /emotebind, set SqlKeybinding = true in config.lua and uncomment oxmysql lines in fxmanifest.lua.
[  resources:dpemotes] Warning: could not find server_script `server/Updates.lua` (defined in fxmanifest.lua:30)
[           resources] Started resource dpemotes (1 warning)
[           resources] Started resource empujarcoches
[    c-scripting-core] Creating script environments for esegovic_zones
[           resources] Started resource esegovic_zones
[    c-scripting-core] Creating script environments for esx_rpchat
[           resources] Started resource esx_rpchat
[    c-scripting-core] Creating script environments for fps
[           resources] Started resource fps
[ citizen-server-impl] You lack the required entitlement to use jobs_creator
[ citizen-server-impl] Couldn't start resource jobs_creator.
[    c-scripting-core] Creating script environments for jsfour-idcard
[           resources] Started resource jsfour-idcard
[    c-scripting-core] Creating script environments for logoplaza
[    c-scripting-core] Failed to load script @WaveShield/resource/waveshield.lua.
[ resources:logoplaza] Warning: could not find client_script `QShgX.lua` (defined in fxmanifest.lua:29)
[ resources:logoplaza] Warning: could not find client_script `vRlEn.lua` (defined in fxmanifest.lua:29)
[ resources:logoplaza] Warning: could not find client_script `29174.lua` (defined in fxmanifest.lua:30)
[           resources] Started resource logoplaza (3 warnings)
[    c-scripting-core] Creating script environments for loot_boxes
[           resources] Started resource loot_boxes
[           resources] Started resource mythic_notify
[    c-scripting-core] Creating script environments for okokBanking
[           resources] Started resource okokBanking
[           resources] Started resource okokNotify
[           resources] Started resource okokTextUI
[           resources] Started resource postal_map
[    c-scripting-core] Creating script environments for skate
[        script:skate] [astudios-skating] :: Started
[        script:skate] [astudios-skating] :: Developed by ASTUDIOS | DEVELOPMENT
[           resources] Started resource skate
[    c-scripting-core] Creating script environments for sqz_rental
[           resources] Started resource sqz_rental
[    c-scripting-core] Creating script environments for th
[           resources] Started resource th
[           resources] Started resource vehcontrol
[    c-scripting-core] Creating script environments for vendercoches
[           resources] Started resource vendercoches
[    c-scripting-core] Creating script environments for xsound
[    resources:xsound] Warning: could not find file `html/sounds/*.ogg` (defined in fxmanifest.lua:33)
[    resources:xsound] Warning: could not find file `html/sounds/*.mp3` (defined in fxmanifest.lua:33)
[           resources] Started resource xsound (2 warnings)
[           resources] Started resource zonasegura
[    c-scripting-core] Creating script environments for PoliceVehiclesWeaponDeleter
[           resources] Started resource PoliceVehiclesWeaponDeleter
[    c-scripting-core] Creating script environments for core_jobutilities
[           resources] Started resource core_jobutilities
[    c-scripting-core] Creating script environments for core_multijob
[resources:core_multi] Warning: could not find client_script `godzilla-ac_hCHbK.lua` (defined in fxmanifest.lua:25)
[           resources] Started resource core_multijob (1 warning)
[    c-scripting-core] Creating script environments for dispatch
[           resources] Started resource dispatch
[    c-scripting-core] Creating script environments for dream-miner
[           resources] Started resource dream-miner
[    c-scripting-core] Creating script environments for esx_ambulancejob
[           resources] Started resource esx_ambulancejob
[    c-scripting-core] Creating script environments for esx_choferbus
[           resources] Started resource esx_choferbus
[    c-scripting-core] Creating script environments for esx_garbagecrew
[           resources] Started resource esx_garbagecrew
[    c-scripting-core] Creating script environments for esx_hospitaletrevive
[           resources] Started resource esx_hospitaletrevive
[    c-scripting-core] Creating script environments for esx_lscustom
[           resources] Started resource esx_lscustom
[    c-scripting-core] Creating script environments for esx_mechanicjob
[           resources] Started resource esx_mechanicjob
[    c-scripting-core] Creating script environments for esx_policejob
[           resources] Started resource esx_policejob
[    c-scripting-core] Creating script environments for esx_swattjob
[           resources] Started resource esx_swattjob
[    c-scripting-core] Creating script environments for esx_taxijob
[           resources] Started resource esx_taxijob
[    c-scripting-core] Creating script environments for esx_truckerjob
[           resources] Started resource esx_truckerjob
[ citizen-server-impl] You lack the required entitlement to use rcore_casino_assets
[    c-resources-core] Could not start dependency rcore_casino_assets for resource rcore_casino.
[ citizen-server-impl] Couldn't start resource rcore_casino.
[ citizen-server-impl] You lack the required entitlement to use rcore_casino_assets
[ citizen-server-impl] Couldn't start resource rcore_casino_assets.
[           resources] Started resource Projec0_Bolera
[    c-scripting-core] Creating script environments for Project0_Bolos
[           resources] Started resource Project0_Bolos
[    c-scripting-core] Creating script environments for esx_karts
[           resources] Started resource esx_karts
[     resources:karts] Warning: could not find file `data/**/vehiclelayouts.meta` (defined in __resource.lua:3)
[           resources] Started resource karts (1 warning)
[           resources] Started resource map_karting
[           resources] Started resource ring
[    c-scripting-core] Creating script environments for xex_streetfight
[           resources] Started resource xex_streetfight
[           resources] Started resource br-menu
[    c-scripting-core] Creating script environments for crno_progressbar
[           resources] Started resource crno_progressbar
[           resources] Started resource esx_simpletp
[    c-scripting-core] Creating script environments for jz-drugs
[           resources] Started resource jz-drugs
[    c-scripting-core] Creating script environments for ped_drugs
[           resources] Started resource ped_drugs
[    c-scripting-core] Creating script environments for JD_logs
[           resources] Started resource JD_logs
[    c-scripting-core] Creating script environments for StatusDs
[    c-scripting-core] Failed to load script @FiveEye/FiveEye.lua.
[           resources] Started resource StatusDs
[    c-scripting-core] Creating script environments for zdiscord
[zdiscord][2026-9-6 11:54:12][INF]: [ADDON] log.js addon found and loaded
[           resources] Started resource zdiscord
[ citizen-server-impl] Couldn't find resource category [telefono].
[ citizen-server-impl] Couldn't find resource category [vehiculos].
[ citizen-server-impl] Couldn't find resource category [ropa].
[ citizen-server-impl] You lack the required entitlement to use Roda_MasterPeds
[ citizen-server-impl] Couldn't start resource Roda_MasterPeds.
[resources:kids:strea] Asset kids/Arcanine.ytd uses 22.0 MiB of physical memory.
[resources:kids:strea] Asset kids/CR7.ytd uses 18.0 MiB of physical memory.
[resources:kids:strea] Asset kids/Escanor.ytd uses 32.0 MiB of physical memory.
[resources:kids:strea] Asset kids/Frezzer.ytd uses 64.0 MiB of physical memory. Oversized assets can and WILL lead to streaming issues (such as models not loading/rendering).
[resources:kids:strea] Asset kids/Kidbuu.ytd uses 18.0 MiB of physical memory.
[resources:kids:strea] Asset kids/Killjoy.ytd uses 64.0 MiB of physical memory. Oversized assets can and WILL lead to streaming issues (such as models not loading/rendering).
[resources:kids:strea] Asset kids/armysponge.ytd uses 48.0 MiB of physical memory.
[resources:kids:strea] Asset kids/bulma.ytd uses 30.0 MiB of physical memory.
[resources:kids:strea] Asset kids/bumblebee(transformers)BIG.ytd uses 24.0 MiB of physical memory.
[resources:kids:strea] Asset kids/bumblebee(transformers)MINI.ytd uses 24.0 MiB of physical memory.
[resources:kids:strea] Asset kids/chapulin.ytd uses 27.0 MiB of physical memory.
[resources:kids:strea] Asset kids/deadpool.ytd uses 28.0 MiB of physical memory.
[resources:kids:strea] Asset kids/flareon.ytd uses 26.0 MiB of physical memory.
[resources:kids:strea] Asset kids/goku.ytd uses 18.0 MiB of physical memory.
[resources:kids:strea] Asset kids/grogu.ytd uses 24.0 MiB of physical memory.
[resources:kids:strea] Asset kids/harley_queen.ytd uses 46.0 MiB of physical memory.
[resources:kids:strea] Asset kids/kaneki3.ytd uses 31.0 MiB of physical memory.
[resources:kids:strea] Asset kids/kratos.ytd uses 144.0 MiB of physical memory. Oversized assets can and WILL lead to streaming issues (such as models not loading/rendering).
[resources:kids:strea] Asset kids/kratos2.ytd uses 96.0 MiB of physical memory. Oversized assets can and WILL lead to streaming issues (such as models not loading/rendering).
[           resources] Started resource kids (19 warnings)
[           resources] Stopping resource ks_onlinejobs
[              server] Warning: `sv_endpointPrivacy` has been removed. Player endpoint addresses are no longer exposed on any HTTP endpoint. Please remove this ConVar from your server configuration.
[         script:yarn] [yarn]	yarn install v1.22.5
[         script:yarn] [1/4] Resolving packages...
[         script:yarn] [2/4] Fetching packages...
[         script:yarn] info fsevents@2.3.1: The platform "win32" is incompatible with this module.
[         script:yarn] info "fsevents@2.3.1" is an optional dependency and failed compatibility check. Excluding it from installation.
[         script:yarn] info fsevents@1.2.13: The platform "win32" is incompatible with this module.
[         script:yarn] info "fsevents@1.2.13" is an optional dependency and failed compatibility check. Excluding it from installation.
[         script:yarn] [3/4] Linking dependencies...
[         script:yarn] [4/4] Building fresh packages...
[         script:yarn] Done in 6.97s.
[         script:yarn] Error: [yarn]	(node:4876) [DEP0040] DeprecationWarning: The `punycode` module is deprecated. Please use a userland alternative instead.
[         script:yarn] (Use `FXServer --trace-deprecation ...` to show where the warning was created)
[         script:yarn] warning Ignored scripts due to flag.
[         script:yarn] [yarn]	yarn install v1.22.5
[         script:yarn] [1/4] Resolving packages...
[         script:yarn] success Already up-to-date.
[         script:yarn] Done in 2.81s.
[         script:yarn] Error: [yarn]	warning Waiting for the other yarn instance to finish (pid undefined, inside undefined)
[ script:vendercoches] Tu version: 1.0
[ citizen-server-impl] Build tasks completed - starting resource webpack.
[    c-scripting-core] Creating script environments for webpack
[ citizen-server-impl] Running build tasks on resource chat - it'll restart once completed.
[      script:webpack] chat: started building webpack.config.js
[           resources] Started resource webpack
[ citizen-server-impl] Build tasks completed - starting resource webpack.
[  script:cd_easytime] [cd_easytime] - Saved settings applied.
[script:Roda_AdminMen] [Roda_AdminMenu] Thanks for your purchase!
[script:Roda_AdminMen] [Roda_AdminMenu] For Support Join To My Discord: https://discord.gg/veDufrHnAn  By Roderic#0614 
[     script:dpemotes] RpEmotes: Warning! dpemotes is on the server, this WILL cause issues.
[     script:dpemotes] RpEmotes: Warning! dpemotes is on the server, this WILL cause issues.
[     script:dpemotes] RpEmotes: Warning! dpemotes is on the server, this WILL cause issues.
[     script:dpemotes] RpEmotes: Warning! dpemotes is on the server, this WILL cause issues.
[     script:dpemotes] RpEmotes: Warning! dpemotes is on the server, this WILL cause issues.
[     script:dpemotes] RpEmotes: Warning! dpemotes is on the server, this WILL cause issues.
[     script:dpemotes] RpEmotes: Warning! dpemotes is on the server, this WILL cause issues.
[     script:dpemotes] RpEmotes: Warning! dpemotes is on the server, this WILL cause issues.
[     script:dpemotes] RpEmotes: Warning! dpemotes is on the server, this WILL cause issues.
[     script:dpemotes] RpEmotes: Warning! dpemotes is on the server, this WILL cause issues.
[      script:oxmysql] [12.3.3-MariaDB] Database server connection established!
[ citizen-server-impl] server thread hitch warning: timer interval of 1324 milliseconds
[ script:ox_inventory] [info] Database contains 29 items.
[  script:es_extended] [INFO] ESX Legacy initialized
[ citizen-server-impl] server thread hitch warning: timer interval of 184 milliseconds
[      script:oxmysql] [12.3.3-MariaDB] esx_datastore took 883.7111ms to execute a query!
[      script:oxmysql] SELECT * FROM datastore_data LEFT JOIN datastore ON datastore_data.name = datastore.name UNION SELECT * FROM datastore_data RIGHT JOIN datastore ON datastore_data.name = datastore.name []
[      script:oxmysql] [12.3.3-MariaDB] ox_inventory took 874.5031ms to execute a query!
[      script:oxmysql] SHOW COLUMNS FROM `owned_vehicles` []
[      script:oxmysql] [12.3.3-MariaDB] esx_addonaccount took 877.6920ms to execute a query!
[      script:oxmysql] INSERT INTO addon_account_data (account_name, money) VALUES (?, ?) ["society_mechanicnorte",0]
║              STDERR║ [zdiscord][2026-9-6 11:54:15][ERR]: YOUR DISCORD API TOKEN IS INVALID OR REVOKED - GENERATE A NEW ONE AND UPDATE THE CONFIG
[ citizen-server-impl] server thread hitch warning: timer interval of 781 milliseconds
[      script:JD_logs] JD_logs unable to check version
[       script:ox_lib] An update is available for ox_lib (current version: 3.18.0)
[       script:ox_lib] https://github.com/overextended/ox_lib/releases/tag/v3.39.0
[       script:ox_lib] An update is available for ox_inventory (current version: 2.38.1)
[       script:ox_lib] https://github.com/overextended/ox_inventory/releases/tag/v2.47.9
[ citizen-server-impl] server thread hitch warning: timer interval of 220 milliseconds
[       script:ox_lib] An update is available for illenium-appearance (current version: 5.6.1)
[       script:ox_lib] https://github.com/iLLeniumStudios/illenium-appearance/releases/tag/v5.7.0
[ citizen-server-impl] server thread hitch warning: timer interval of 345 milliseconds
[ script:ox_inventory] [info] Inventory has loaded 318 items
[      script:webpack] chat: built webpack.config.js
[ citizen-server-impl] Build tasks completed - starting resource chat.
[    c-scripting-core] Creating script environments for chat
[           resources] Started resource chat
[  script:cd_easytime] =================================================================================================
[  script:cd_easytime] [cd_easytime] - New Update Available!
[  script:cd_easytime] Current Version: 1.3.7.
[  script:cd_easytime] New Version: 2.0.1.
[  script:cd_easytime] Released: 368 days ago.
[  script:cd_easytime] Notes: Fixed time/weather sync issues.
[  script:cd_easytime] Download: https://keymaster.fivem.net/asset-grants.
[  script:cd_easytime] Changelog: https://docs.codesign.pro/free-scripts/easytime-time-and-weather-management#changelog.
[  script:cd_easytime] =================================================================================================
║             TXADMIN║ txaReportResources 
[      script:monitor] [txAdmin] Sending resources list to txAdmin.
[ citizen-server-impl] sync thread hitch warning: timer interval of 121 milliseconds
[ citizen-server-impl] sync thread hitch warning: timer interval of 126 milliseconds
[ citizen-server-impl] sync thread hitch warning: timer interval of 158 milliseconds
[ citizen-server-impl] server thread hitch warning: timer interval of 262 milliseconds
[ citizen-server-impl] sync thread hitch warning: timer interval of 263 milliseconds
[      script:hardcap] Connecting: SharpTurtle2518
║              STDERR║ [zdiscord][2026-9-6 11:56:35][ERR]: Failed to fetch Discord server.
[script:ox_inventory:] Warning: [natives] TRIGGER_CLIENT_EVENT_INTERNAL: client 1 is not the same as the target 65536. This happens when the oldId from the playerJoining event is used. Use source instead.
[ citizen-server-impl] Server list query returned an error: server request failed: server request failed for endpoint https://179.6.101.128:30120/dynamic.json (Get "https://179.6.101.128:30120/dynamic.json": read tcp 10.0.5.199:60250->179.6.101.128:30120: read: connection reset by peer (Client.Timeout exceeded while awaiting headers))
[  script:es_extended] [INFO] Player "SharpTurtle2518" has connected to the server. ID: 1
║            Vxxxxxxx║ setgroup 1 admin
║             TXADMIN║ ================================================================
║             TXADMIN║ ======== [6228] FXServer Starting - 6/9/2026, 4:56:15 p. m.     
║             TXADMIN║ ================================================================
[                 cmd] Argument count mismatch (passed 1, wanted 2)
[           resources] Scanning resources.
[   resources:pNotify] Warning: pNotify exists in more than one place (C:\Users\Valentino\Desktop\server\server-data\resources\[hud]\pNotify is used, the duplicate is C:\Users\Valentino\Desktop\server\server-data\resources\[jobs]\[nowl]\[minero]\pNotify)
[   resources:pNotify] Warning: pNotify has an outdated manifest (__resource.lua instead of fxmanifest.lua)
[     resources:blips] Warning: blips has an outdated manifest (__resource.lua instead of fxmanifest.lua)
[resources:PoliceVehi] Warning: PoliceVehiclesWeaponDeleter has an outdated manifest (__resource.lua instead of fxmanifest.lua)
[resources:barrasuelo] Warning: barrasuelo has an outdated manifest (__resource.lua instead of fxmanifest.lua)
[resources:cruzarbras] Warning: cruzarbrasos has an outdated manifest (__resource.lua instead of fxmanifest.lua)
[           resources] Found 160 resources.
[           resources] 6 warnings were encountered.
[          svadhesive] Authenticating server license key...
[          svadhesive] Server license key authentication succeeded. Welcome!
[    c-scripting-core] Creating script environments for monitor
[      script:monitor] [txAdmin] Resource v8.1.1 threads and commands set up. All Ready.
[           resources] Started resource monitor
[                 cmd] Argument count mismatch (passed 1, wanted 2)
[    c-scripting-core] Creating script environments for yarn
[           resources] Started resource yarn
[    c-scripting-core] Creating script environments for webpack
[           resources] Started resource webpack
[    c-scripting-core] Creating script environments for chat
[           resources] Started resource chat
[           resources] Started resource spawnmanager
[    c-scripting-core] Creating script environments for sessionmanager
[           resources] Started resource sessionmanager
[    c-scripting-core] Creating script environments for hardcap
[           resources] Started resource hardcap
[    c-scripting-core] Creating script environments for rconlog
[           resources] Started resource rconlog
[    c-scripting-core] Creating script environments for oxmysql
[           resources] Started resource oxmysql
[    c-scripting-core] Creating script environments for es_extended
[           resources] Started resource es_extended
[    c-scripting-core] Creating script environments for ox_lib
[           resources] Started resource ox_lib
[    c-scripting-core] Creating script environments for illenium-appearance
[           resources] Started resource illenium-appearance
[    c-scripting-core] Creating script environments for async
[           resources] Started resource async
[    c-scripting-core] Creating script environments for cron
[           resources] Started resource cron
[    c-scripting-core] Creating script environments for esx_addonaccount
[           resources] Started resource esx_addonaccount
[    c-scripting-core] Creating script environments for esx_addoninventory
[           resources] Started resource esx_addoninventory
[    c-scripting-core] Creating script environments for esx_status
[           resources] Started resource esx_status
[    c-scripting-core] Creating script environments for esx_basicneeds
[           resources] Started resource esx_basicneeds
[    c-scripting-core] Creating script environments for esx_billing
[           resources] Started resource esx_billing
[    c-scripting-core] Creating script environments for esx_carlock
[           resources] Started resource esx_carlock
[    c-scripting-core] Creating script environments for esx_datastore
[           resources] Started resource esx_datastore
[    c-scripting-core] Creating script environments for esx_license
[           resources] Started resource esx_license
[    c-scripting-core] Creating script environments for esx_dmvschool
[resources:esx_dmvsch] Warning: could not find file `html/logo.png` (defined in fxmanifest.lua:27)
[           resources] Started resource esx_dmvschool (1 warning)
[    c-scripting-core] Creating script environments for esx_gasolina
[resources:esx_gasoli] Warning: could not find server_script `source/fuel_server.lua` (defined in fxmanifest.lua:21)
[           resources] Started resource esx_gasolina (1 warning)
[    c-scripting-core] Creating script environments for esx_vehicleshop
[           resources] Started resource esx_vehicleshop
[    c-scripting-core] Creating script environments for esx_givevehicle
[           resources] Started resource esx_givevehicle
[    c-scripting-core] Creating script environments for esx_holdup
[           resources] Started resource esx_holdup
[    c-scripting-core] Creating script environments for esx_identity
[           resources] Started resource esx_identity
[    c-scripting-core] Creating script environments for esx_lavardinero
[resources:esx_lavard] Warning: could not find client_script `locales/es.lua` (defined in __resource.lua:3)
[resources:esx_lavard] Warning: could not find server_script `locales/es.lua` (defined in __resource.lua:13)
[           resources] Started resource esx_lavardinero (2 warnings)
[    c-scripting-core] Creating script environments for esx_menu_default
[script:esx_menu_defa] SCRIPT ERROR: @esx_menu_default/server/server.lua:1: bad argument #2 to 'I' (number expected, got no value)
[           resources] Started resource esx_menu_default
[           resources] Started resource esx_menu_dialog
[           resources] Started resource esx_menu_list
[    c-scripting-core] Creating script environments for esx_notify
[resources:esx_notify] Warning: could not find file `nui/img/*.png` (defined in fxmanifest.lua:14)
[           resources] Started resource esx_notify (1 warning)
[    c-scripting-core] Creating script environments for esx_progressbar
[resources:esx_progre] Warning: could not find file `nui/img/*.png` (defined in fxmanifest.lua:11)
[           resources] Started resource esx_progressbar (1 warning)
[    c-scripting-core] Creating script environments for esx_society
[           resources] Started resource esx_society
[    c-scripting-core] Creating script environments for esx_textui
[           resources] Started resource esx_textui
[    c-scripting-core] Creating script environments for esx_vehicleshopvip
[           resources] Started resource esx_vehicleshopvip
[    c-scripting-core] Creating script environments for cd_drawtextui
[           resources] Started resource cd_drawtextui
[    c-scripting-core] Creating script environments for cd_easytime
[           resources] Started resource cd_easytime
[           resources] Started resource cd_garageshell
[ citizen-server-impl] You lack the required entitlement to use cd_garage
[ citizen-server-impl] Couldn't start resource cd_garage.
[    c-scripting-core] Creating script environments for cd_keymaster
[           resources] Started resource cd_keymaster
[ citizen-server-impl] You lack the required entitlement to use Rovo_Hud
[ citizen-server-impl] Couldn't start resource Rovo_Hud.
[    c-scripting-core] Creating script environments for ks_onlinejobs
[           resources] Started resource ks_onlinejobs
[    c-scripting-core] Creating script environments for mumble-voip
[           resources] Started resource mumble-voip
[    c-scripting-core] Creating script environments for pNotify
[    c-scripting-core] Failed to load script @FiveEye/FiveEye.lua.
[   resources:pNotify] Warning: could not find file `html/sound-example.wav` (defined in __resource.lua:12)
[           resources] Started resource pNotify (1 warning)
[    c-scripting-core] Creating script environments for reportsystem
[           resources] Started resource reportsystem
[  resources:rp-radio] Warning: could not find server_script `server.lua` (defined in fxmanifest.lua:26)
[           resources] Started resource rp-radio (1 warning)
[    c-scripting-core] Creating script environments for ox_inventory
[           resources] Started resource ox_inventory
[resources:MapBurguer] Warning: could not find file `interiorproxies.meta` (defined in __resource.lua:4)
[resources:MapBurguer] Asset MapBurguershot/uniqx_burgershot_tex.ytd uses 22.0 MiB of physical memory.
[           resources] Started resource MapBurguershot (2 warnings)
[           resources] Started resource MapConsePlaya
[           resources] Started resource MapGC
[resources:MapMecanic] Asset MapMecanico/ajaxon_burton_lsc.ytd uses 45.0 MiB of physical memory.
[resources:MapMecanic] Asset MapMecanico/bt1_02_build.ytd uses 25.1 MiB of physical memory.
[           resources] Started resource MapMecanico (2 warnings)
[resources:Mapbarrunt] Warning: could not find file `vehicles.meta` (defined in __resource.lua:3)
[resources:Mapbarrunt] Warning: could not find file `carvariations.meta` (defined in __resource.lua:3)
[resources:Mapbarrunt] Warning: could not find file `carcols.meta` (defined in __resource.lua:3)
[resources:Mapbarrunt] Warning: could not find file `handling.meta` (defined in __resource.lua:3)
[resources:Mapbarrunt] Warning: could not find file `vehiclelayouts.meta` (defined in __resource.lua:3)
[resources:Mapbarrunt] Asset Mapbarrunto/SLB2k11_pearls_details_7.ydr uses 24.0 MiB of physical memory.
[resources:Mapbarrunt] Asset Mapbarrunto/SLB2k11_pearls_sideshell.ydr uses 32.0 MiB of physical memory.
[resources:Mapbarrunt] Asset Mapbarrunto/slb2k11_beach_torch2.ydr uses 24.0 MiB of physical memory.
[           resources] Started resource Mapbarrunto (8 warnings)
[resources:Mapcocaina] Asset Mapcocaina/bloods_shell.ydr uses 18.5 MiB of physical memory.
[           resources] Started resource Mapcocaina (1 warning)
[resources:Maplspd:st] Asset Maplspd/gabz_mrpd_txd.ytd uses 37.0 MiB of physical memory.
[           resources] Started resource Maplspd (1 warning)
[  resources:Mapswatt] Warning: could not find file `vehicles.meta` (defined in __resource.lua:3)
[  resources:Mapswatt] Warning: could not find file `carvariations.meta` (defined in __resource.lua:3)
[  resources:Mapswatt] Warning: could not find file `carcols.meta` (defined in __resource.lua:3)
[  resources:Mapswatt] Warning: could not find file `handling.meta` (defined in __resource.lua:3)
[  resources:Mapswatt] Warning: could not find file `vehiclelayouts.meta` (defined in __resource.lua:3)
[resources:Mapswatt:s] Asset Mapswatt/gabz_paletopd_txd.ytd uses 17.0 MiB of physical memory.
[resources:Mapswatt:s] Asset Mapswatt/gabz_pdprops01_txd.ytd uses 27.5 MiB of physical memory.
[           resources] Started resource Mapswatt (7 warnings)
[           resources] Started resource Mcdonaldsgc
[ citizen-server-impl] You lack the required entitlement to use Parqueacuaticoplaya
[ citizen-server-impl] Couldn't start resource Parqueacuaticoplaya.
[resources:carpack_fl] Asset carpack_floor/mz_carpak_shell.ydr uses 25.5 MiB of physical memory.
[           resources] Started resource carpack_floor (1 warning)
[resources:gmap_thene] Asset gmap_thenewgarage_7-11/gmap_thenewgarage_7-11_boardstand02.ydr uses 20.0 MiB of physical memory.
[           resources] Started resource gmap_thenewgarage_7-11 (1 warning)
[resources:gmap_thene] Asset gmap_thenewgarage_base/gmap_thernewgarage_texture.ytd uses 19.0 MiB of physical memory.
[           resources] Started resource gmap_thenewgarage_base (1 warning)
[           resources] Started resource gmap_thenewgarage_clote
[           resources] Started resource gmap_thenewgarage_kfc
[resources:gta_props_] Asset gta_props_fivem/ch_chint06_dlc_casino_back.ytd uses 21.5 MiB of physical memory.
[           resources] Started resource gta_props_fivem (1 warning)
[           resources] Started resource heli_lift
[    c-scripting-core] Creating script environments for mountzonah_lift
[           resources] Started resource mountzonah_lift
[resources:mz_addons:] Asset mz_addons/moutnz_zonah.ytd uses 40.0 MiB of physical memory.
[resources:mz_addons:] Asset mz_addons/mz_pharm.ytd uses 56.0 MiB of physical memory. Oversized assets can and WILL lead to streaming issues (such as models not loading/rendering).
[           resources] Started resource mz_addons (2 warnings)
[           resources] Started resource operation_floor
[           resources] Started resource room_floor
[           resources] Started resource urgence_floor
[resources:CayoPerico] Asset CayoPerico/ch3_13_land_c_bridge_v1_txt.ytd uses 21.0 MiB of physical memory.
[           resources] Started resource CayoPerico (1 warning)
[           resources] Started resource Cayo_perico_Open
[resources:DLCiplLoad] Asset DLCiplLoader/ks_vwint03_garage_shell.ydr uses 21.0 MiB of physical memory.
[           resources] Started resource DLCiplLoader (1 warning)
[    c-scripting-core] Creating script environments for Itemsvip
[  resources:Itemsvip] Warning: could not find file `stream/Mousehat.ydr` (defined in __resource.lua:18)
[  resources:Itemsvip] Warning: could not find file `stream/Mousehat.ytd` (defined in __resource.lua:18)
[  resources:Itemsvip] Warning: could not find file `stream/DevilHorns.ydr` (defined in __resource.lua:18)
[  resources:Itemsvip] Warning: could not find file `stream/DevilHorns.ytd` (defined in __resource.lua:18)
[  resources:Itemsvip] Warning: could not find file `stream/DevilHorns2.ydr` (defined in __resource.lua:18)
[  resources:Itemsvip] Warning: could not find file `stream/DevilHorns2.ytd` (defined in __resource.lua:18)
[  resources:Itemsvip] Warning: could not find file `stream/CatEars1.ydr` (defined in __resource.lua:18)
[  resources:Itemsvip] Warning: could not find file `stream/CatEars1.ytd` (defined in __resource.lua:18)
[  resources:Itemsvip] Warning: could not find file `stream/woodcooper.ydr` (defined in __resource.lua:18)
[  resources:Itemsvip] Warning: could not find file `stream/woodcooper.ytd` (defined in __resource.lua:18)
[  resources:Itemsvip] Warning: could not find file `stream/cyclops.ytd` (defined in __resource.lua:18)
[  resources:Itemsvip] Warning: could not find file `stream/cyclops.ydr` (defined in __resource.lua:18)
[  resources:Itemsvip] Warning: could not find file `stream/mrak1.ydr` (defined in __resource.lua:18)
[  resources:Itemsvip] Warning: could not find file `stream/mrak1.ytd` (defined in __resource.lua:18)
[  resources:Itemsvip] Warning: could not find file `stream/diamond1.ydr` (defined in __resource.lua:18)
[  resources:Itemsvip] Warning: could not find file `stream/diamond1.ytd` (defined in __resource.lua:18)
[  resources:Itemsvip] Warning: could not find file `stream/mask3.ydr` (defined in __resource.lua:18)
[  resources:Itemsvip] Warning: could not find file `stream/mask3.ytd` (defined in __resource.lua:18)
[  resources:Itemsvip] Warning: could not find file `stream/mask2.ydr` (defined in __resource.lua:18)
[  resources:Itemsvip] Warning: could not find file `stream/mask2.ytd` (defined in __resource.lua:18)
[  resources:Itemsvip] Warning: could not find file `stream/mask4.ydr` (defined in __resource.lua:18)
[  resources:Itemsvip] Warning: could not find file `stream/mask4.ytd` (defined in __resource.lua:18)
[  resources:Itemsvip] Warning: could not find file `stream/diamond2.ydr` (defined in __resource.lua:18)
[  resources:Itemsvip] Warning: could not find file `stream/diamond2.ytd` (defined in __resource.lua:18)
[  resources:Itemsvip] Warning: could not find file `stream/ufohead.ydr` (defined in __resource.lua:18)
[  resources:Itemsvip] Warning: could not find file `stream/ufohead.ytd` (defined in __resource.lua:18)
[  resources:Itemsvip] Warning: could not find file `stream/prop_hat-magic.ydr` (defined in __resource.lua:18)
[  resources:Itemsvip] Warning: could not find file `stream/prop_hat-magic.ytd` (defined in __resource.lua:18)
[  resources:Itemsvip] Warning: could not find file `stream/mask5.ydr` (defined in __resource.lua:18)
[  resources:Itemsvip] Warning: could not find file `stream/mask5.ytd` (defined in __resource.lua:18)
[  resources:Itemsvip] Warning: could not find file `stream/mask6.ydr` (defined in __resource.lua:18)
[  resources:Itemsvip] Warning: could not find file `stream/mask6.ytd` (defined in __resource.lua:18)
[  resources:Itemsvip] Warning: could not find file `stream/one1.ydr` (defined in __resource.lua:18)
[  resources:Itemsvip] Warning: could not find file `stream/one1.ytd` (defined in __resource.lua:18)
[  resources:Itemsvip] Warning: could not find file `stream/one2.ydr` (defined in __resource.lua:18)
[  resources:Itemsvip] Warning: could not find file `stream/one2.ytd` (defined in __resource.lua:18)
[  resources:Itemsvip] Warning: could not find file `stream/wood1.ydr` (defined in __resource.lua:18)
[  resources:Itemsvip] Warning: could not find file `stream/wood1.ytd` (defined in __resource.lua:18)
[  resources:Itemsvip] Warning: could not find file `stream/wood2.ydr` (defined in __resource.lua:18)
[  resources:Itemsvip] Warning: could not find file `stream/wood2.ytd` (defined in __resource.lua:18)
[  resources:Itemsvip] Warning: could not find file `stream/wood3.ydr` (defined in __resource.lua:18)
[  resources:Itemsvip] Warning: could not find file `stream/wood3.ytd` (defined in __resource.lua:18)
[  resources:Itemsvip] Warning: could not find file `stream/wood1oakker.ydr` (defined in __resource.lua:18)
[  resources:Itemsvip] Warning: could not find file `stream/wood1oakker.ytd` (defined in __resource.lua:18)
[  resources:Itemsvip] Warning: could not find file `stream/maleficent1.ydr` (defined in __resource.lua:18)
[  resources:Itemsvip] Warning: could not find file `stream/maleficent1.ytd` (defined in __resource.lua:18)
[  resources:Itemsvip] Warning: could not find file `stream/pCubewhiteblack.ydr` (defined in __resource.lua:18)
[  resources:Itemsvip] Warning: could not find file `stream/pCubewhiteblack.ytd` (defined in __resource.lua:18)
[           resources] Started resource Itemsvip (48 warnings)
[    c-scripting-core] Creating script environments for MusicEverywhere
[           resources] Started resource MusicEverywhere
[           resources] Started resource NoNPC
[    c-scripting-core] Creating script environments for Roda_AdminMenu
[           resources] Started resource Roda_AdminMenu
[    c-scripting-core] Creating script environments for Roda_Components
[           resources] Started resource Roda_Components
[    c-scripting-core] Creating script environments for Roda_vanilla
[           resources] Started resource Roda_vanilla
[    c-scripting-core] Creating script environments for Rovoard
[           resources] Started resource Rovoard
[           resources] Started resource anticulatazo
[           resources] Started resource barrasuelo
[ citizen-server-impl] You lack the required entitlement to use biyei_coins
[ citizen-server-impl] Couldn't start resource biyei_coins.
[ citizen-server-impl] You lack the required entitlement to use biyei_defcon
[ citizen-server-impl] Couldn't start resource biyei_defcon.
[           resources] Started resource blips
[           resources] Started resource bob74_ipl
[    c-scripting-core] Creating script environments for cargar
[           resources] Started resource cargar
[    c-scripting-core] Creating script environments for cc_loading
[    c-scripting-core] Failed to load script @WaveShield/resource/waveshield.lua.
[           resources] Started resource cc_loading
[    c-scripting-core] Creating script environments for crno_coords
[  script:crno_coords] ---------------------------------------------------
[  script:crno_coords] Canario Shop | Copy Coords
[  script:crno_coords] Creador: SirCanario#2866
[  script:crno_coords] Canario Shop: https://discord.gg/XqWrFymfzP
[  script:crno_coords] Canario Host: https://canario-hosting.com/
[  script:crno_coords] ---------------------------------------------------
[           resources] Started resource crno_coords
[           resources] Started resource cruzarbrasos
[           resources] Started resource dpclothing
[    c-scripting-core] Creating script environments for dpemotes
[     script:dpemotes] WC EMOTES V5 | Discord: https://discord.gg/cUxnazUxqU
[     script:dpemotes] [rp] Sql Keybinding is turned off, if you want to enable /emotebind, set SqlKeybinding = true in config.lua and uncomment oxmysql lines in fxmanifest.lua.
[  resources:dpemotes] Warning: could not find server_script `server/Updates.lua` (defined in fxmanifest.lua:30)
[           resources] Started resource dpemotes (1 warning)
[           resources] Started resource empujarcoches
[    c-scripting-core] Creating script environments for esegovic_zones
[           resources] Started resource esegovic_zones
[    c-scripting-core] Creating script environments for esx_rpchat
[           resources] Started resource esx_rpchat
[    c-scripting-core] Creating script environments for fps
[           resources] Started resource fps
[ citizen-server-impl] You lack the required entitlement to use jobs_creator
[ citizen-server-impl] Couldn't start resource jobs_creator.
[    c-scripting-core] Creating script environments for jsfour-idcard
[           resources] Started resource jsfour-idcard
[    c-scripting-core] Creating script environments for logoplaza
[    c-scripting-core] Failed to load script @WaveShield/resource/waveshield.lua.
[ resources:logoplaza] Warning: could not find client_script `QShgX.lua` (defined in fxmanifest.lua:29)
[ resources:logoplaza] Warning: could not find client_script `vRlEn.lua` (defined in fxmanifest.lua:29)
[ resources:logoplaza] Warning: could not find client_script `29174.lua` (defined in fxmanifest.lua:30)
[           resources] Started resource logoplaza (3 warnings)
[    c-scripting-core] Creating script environments for loot_boxes
[           resources] Started resource loot_boxes
[           resources] Started resource mythic_notify
[    c-scripting-core] Creating script environments for okokBanking
[           resources] Started resource okokBanking
[           resources] Started resource okokNotify
[           resources] Started resource okokTextUI
[           resources] Started resource postal_map
[    c-scripting-core] Creating script environments for skate
[        script:skate] [astudios-skating] :: Started
[        script:skate] [astudios-skating] :: Developed by ASTUDIOS | DEVELOPMENT
[           resources] Started resource skate
[    c-scripting-core] Creating script environments for sqz_rental
[           resources] Started resource sqz_rental
[    c-scripting-core] Creating script environments for th
[           resources] Started resource th
[           resources] Started resource vehcontrol
[    c-scripting-core] Creating script environments for vendercoches
[           resources] Started resource vendercoches
[    c-scripting-core] Creating script environments for xsound
[    resources:xsound] Warning: could not find file `html/sounds/*.ogg` (defined in fxmanifest.lua:33)
[    resources:xsound] Warning: could not find file `html/sounds/*.mp3` (defined in fxmanifest.lua:33)
[           resources] Started resource xsound (2 warnings)
[           resources] Started resource zonasegura
[    c-scripting-core] Creating script environments for PoliceVehiclesWeaponDeleter
[           resources] Started resource PoliceVehiclesWeaponDeleter
[    c-scripting-core] Creating script environments for core_jobutilities
[           resources] Started resource core_jobutilities
[    c-scripting-core] Creating script environments for core_multijob
[resources:core_multi] Warning: could not find client_script `godzilla-ac_hCHbK.lua` (defined in fxmanifest.lua:25)
[           resources] Started resource core_multijob (1 warning)
[    c-scripting-core] Creating script environments for dispatch
[           resources] Started resource dispatch
[    c-scripting-core] Creating script environments for dream-miner
[           resources] Started resource dream-miner
[    c-scripting-core] Creating script environments for esx_ambulancejob
[           resources] Started resource esx_ambulancejob
[    c-scripting-core] Creating script environments for esx_choferbus
[           resources] Started resource esx_choferbus
[    c-scripting-core] Creating script environments for esx_garbagecrew
[           resources] Started resource esx_garbagecrew
[    c-scripting-core] Creating script environments for esx_hospitaletrevive
[           resources] Started resource esx_hospitaletrevive
[    c-scripting-core] Creating script environments for esx_lscustom
[           resources] Started resource esx_lscustom
[    c-scripting-core] Creating script environments for esx_mechanicjob
[           resources] Started resource esx_mechanicjob
[    c-scripting-core] Creating script environments for esx_policejob
[           resources] Started resource esx_policejob
[    c-scripting-core] Creating script environments for esx_swattjob
[           resources] Started resource esx_swattjob
[    c-scripting-core] Creating script environments for esx_taxijob
[           resources] Started resource esx_taxijob
[    c-scripting-core] Creating script environments for esx_truckerjob
[           resources] Started resource esx_truckerjob
[ citizen-server-impl] You lack the required entitlement to use rcore_casino_assets
[    c-resources-core] Could not start dependency rcore_casino_assets for resource rcore_casino.
[ citizen-server-impl] Couldn't start resource rcore_casino.
[ citizen-server-impl] You lack the required entitlement to use rcore_casino_assets
[ citizen-server-impl] Couldn't start resource rcore_casino_assets.
[           resources] Started resource Projec0_Bolera
[    c-scripting-core] Creating script environments for Project0_Bolos
[           resources] Started resource Project0_Bolos
[    c-scripting-core] Creating script environments for esx_karts
[           resources] Started resource esx_karts
[     resources:karts] Warning: could not find file `data/**/vehiclelayouts.meta` (defined in __resource.lua:3)
[           resources] Started resource karts (1 warning)
[           resources] Started resource map_karting
[           resources] Started resource ring
[    c-scripting-core] Creating script environments for xex_streetfight
[           resources] Started resource xex_streetfight
[           resources] Started resource br-menu
[    c-scripting-core] Creating script environments for crno_progressbar
[           resources] Started resource crno_progressbar
[           resources] Started resource esx_simpletp
[    c-scripting-core] Creating script environments for jz-drugs
[           resources] Started resource jz-drugs
[    c-scripting-core] Creating script environments for ped_drugs
[           resources] Started resource ped_drugs
[    c-scripting-core] Creating script environments for JD_logs
[           resources] Started resource JD_logs
[    c-scripting-core] Creating script environments for StatusDs
[    c-scripting-core] Failed to load script @FiveEye/FiveEye.lua.
[           resources] Started resource StatusDs
[    c-scripting-core] Creating script environments for zdiscord
[zdiscord][2026-9-6 16:56:24][INF]: [ADDON] log.js addon found and loaded
[           resources] Started resource zdiscord
[ citizen-server-impl] Couldn't find resource category [telefono].
[ citizen-server-impl] Couldn't find resource category [vehiculos].
[ citizen-server-impl] Couldn't find resource category [ropa].
[ citizen-server-impl] You lack the required entitlement to use Roda_MasterPeds
[ citizen-server-impl] Couldn't start resource Roda_MasterPeds.
[resources:kids:strea] Asset kids/Arcanine.ytd uses 22.0 MiB of physical memory.
[resources:kids:strea] Asset kids/CR7.ytd uses 18.0 MiB of physical memory.
[resources:kids:strea] Asset kids/Escanor.ytd uses 32.0 MiB of physical memory.
[resources:kids:strea] Asset kids/Frezzer.ytd uses 64.0 MiB of physical memory. Oversized assets can and WILL lead to streaming issues (such as models not loading/rendering).
[resources:kids:strea] Asset kids/Kidbuu.ytd uses 18.0 MiB of physical memory.
[resources:kids:strea] Asset kids/Killjoy.ytd uses 64.0 MiB of physical memory. Oversized assets can and WILL lead to streaming issues (such as models not loading/rendering).
[resources:kids:strea] Asset kids/armysponge.ytd uses 48.0 MiB of physical memory.
[resources:kids:strea] Asset kids/bulma.ytd uses 30.0 MiB of physical memory.
[resources:kids:strea] Asset kids/bumblebee(transformers)BIG.ytd uses 24.0 MiB of physical memory.
[resources:kids:strea] Asset kids/bumblebee(transformers)MINI.ytd uses 24.0 MiB of physical memory.
[resources:kids:strea] Asset kids/chapulin.ytd uses 27.0 MiB of physical memory.
[resources:kids:strea] Asset kids/deadpool.ytd uses 28.0 MiB of physical memory.
[resources:kids:strea] Asset kids/flareon.ytd uses 26.0 MiB of physical memory.
[resources:kids:strea] Asset kids/goku.ytd uses 18.0 MiB of physical memory.
[resources:kids:strea] Asset kids/grogu.ytd uses 24.0 MiB of physical memory.
[resources:kids:strea] Asset kids/harley_queen.ytd uses 46.0 MiB of physical memory.
[resources:kids:strea] Asset kids/kaneki3.ytd uses 31.0 MiB of physical memory.
[resources:kids:strea] Asset kids/kratos.ytd uses 144.0 MiB of physical memory. Oversized assets can and WILL lead to streaming issues (such as models not loading/rendering).
[resources:kids:strea] Asset kids/kratos2.ytd uses 96.0 MiB of physical memory. Oversized assets can and WILL lead to streaming issues (such as models not loading/rendering).
[           resources] Started resource kids (19 warnings)
[           resources] Stopping resource ks_onlinejobs
[              server] Warning: `sv_endpointPrivacy` has been removed. Player endpoint addresses are no longer exposed on any HTTP endpoint. Please remove this ConVar from your server configuration.
[ script:vendercoches] Tu version: 1.0
[  script:cd_easytime] [cd_easytime] - Saved settings applied.
[script:Roda_AdminMen] [Roda_AdminMenu] Thanks for your purchase!
[script:Roda_AdminMen] [Roda_AdminMenu] For Support Join To My Discord: https://discord.gg/veDufrHnAn  By Roderic#0614 
[     script:dpemotes] RpEmotes: Warning! dpemotes is on the server, this WILL cause issues.
[     script:dpemotes] RpEmotes: Warning! dpemotes is on the server, this WILL cause issues.
[     script:dpemotes] RpEmotes: Warning! dpemotes is on the server, this WILL cause issues.
[     script:dpemotes] RpEmotes: Warning! dpemotes is on the server, this WILL cause issues.
[     script:dpemotes] RpEmotes: Warning! dpemotes is on the server, this WILL cause issues.
[     script:dpemotes] RpEmotes: Warning! dpemotes is on the server, this WILL cause issues.
[     script:dpemotes] RpEmotes: Warning! dpemotes is on the server, this WILL cause issues.
[     script:dpemotes] RpEmotes: Warning! dpemotes is on the server, this WILL cause issues.
[     script:dpemotes] RpEmotes: Warning! dpemotes is on the server, this WILL cause issues.
[     script:dpemotes] RpEmotes: Warning! dpemotes is on the server, this WILL cause issues.
[      script:oxmysql] [12.3.3-MariaDB] Database server connection established!
[ script:ox_inventory] [info] Database contains 29 items.
[  script:es_extended] [INFO] ESX Legacy initialized
[      script:JD_logs] JD_logs unable to check version
║              STDERR║ [zdiscord][2026-9-6 16:56:24][ERR]: YOUR DISCORD API TOKEN IS INVALID OR REVOKED - GENERATE A NEW ONE AND UPDATE THE CONFIG
[       script:ox_lib] An update is available for ox_inventory (current version: 2.38.1)
[       script:ox_lib] https://github.com/overextended/ox_inventory/releases/tag/v2.47.9
[       script:ox_lib] An update is available for illenium-appearance (current version: 5.6.1)
[       script:ox_lib] https://github.com/iLLeniumStudios/illenium-appearance/releases/tag/v5.7.0
[       script:ox_lib] An update is available for ox_lib (current version: 3.18.0)
[       script:ox_lib] https://github.com/overextended/ox_lib/releases/tag/v3.39.0
[ script:ox_inventory] [info] Inventory has loaded 318 items
[  script:cd_easytime] =================================================================================================
[  script:cd_easytime] [cd_easytime] - New Update Available!
[  script:cd_easytime] Current Version: 1.3.7.
[  script:cd_easytime] New Version: 2.0.1.
[  script:cd_easytime] Released: 369 days ago.
[  script:cd_easytime] Notes: Fixed time/weather sync issues.
[  script:cd_easytime] Download: https://keymaster.fivem.net/asset-grants.
[  script:cd_easytime] Changelog: https://docs.codesign.pro/free-scripts/easytime-time-and-weather-management#changelog.
[  script:cd_easytime] =================================================================================================
[ citizen-server-impl] sync thread hitch warning: timer interval of 101 milliseconds
[ citizen-server-impl] sync thread hitch warning: timer interval of 112 milliseconds
[      script:hardcap] Connecting: SharpTurtle2518
║              STDERR║ [zdiscord][2026-9-6 16:57:24][ERR]: Failed to fetch Discord server.
[script:ox_inventory:] Warning: [natives] TRIGGER_CLIENT_EVENT_INTERNAL: client 1 is not the same as the target 65536. This happens when the oldId from the playerJoining event is used. Use source instead.
[ citizen-server-impl] Server list query returned an error: server request failed: server request failed for endpoint https://179.6.101.128:30120/dynamic.json (Get "https://179.6.101.128:30120/dynamic.json": context deadline exceeded (Client.Timeout exceeded while awaiting headers))
[ citizen-server-impl] sync thread hitch warning: timer interval of 126 milliseconds
[  script:es_extended] [INFO] Player "Stephano Montana" has connected to the server. ID: 1
║             TXADMIN║ txaEvent "adminsUpdated" "[1]"
[ citizen-server-impl] server thread hitch warning: timer interval of 181 milliseconds
[ citizen-server-impl] sync thread hitch warning: timer interval of 156 milliseconds
[ citizen-server-impl] sync thread hitch warning: timer interval of 120 milliseconds
[ citizen-server-impl] Server list query returned an error: server request failed: server request failed for endpoint https://179.6.101.128:30120/dynamic.json (Get "https://179.6.101.128:30120/dynamic.json": context deadline exceeded (Client.Timeout exceeded while awaiting headers))
[ citizen-server-impl] sync thread hitch warning: timer interval of 141 milliseconds
[ citizen-server-impl] server thread hitch warning: timer interval of 199 milliseconds
[ citizen-server-impl] sync thread hitch warning: timer interval of 164 milliseconds
[ citizen-server-impl] sync thread hitch warning: timer interval of 103 milliseconds
[ citizen-server-impl] sync thread hitch warning: timer interval of 127 milliseconds
[ citizen-server-impl] sync thread hitch warning: timer interval of 122 milliseconds
[  script:es_extended] [INFO] Saved 1 player over 0.0 ms
[ citizen-server-impl] sync thread hitch warning: timer interval of 112 milliseconds
[ citizen-server-impl] server thread hitch warning: timer interval of 185 milliseconds
[ citizen-server-impl] Server list query returned an error: server request failed: server request failed for endpoint https://179.6.101.128:30120/players.json (Get "https://179.6.101.128:30120/players.json": context deadline exceeded (Client.Timeout exceeded while awaiting headers))
[ citizen-server-impl] sync thread hitch warning: timer interval of 112 milliseconds
[ citizen-server-impl] sync thread hitch warning: timer interval of 110 milliseconds
[ citizen-server-impl] sync thread hitch warning: timer interval of 106 milliseconds
[ citizen-server-impl] server thread hitch warning: timer interval of 161 milliseconds
[ citizen-server-impl] sync thread hitch warning: timer interval of 128 milliseconds
[ citizen-server-impl] server thread hitch warning: timer interval of 174 milliseconds
[ citizen-server-impl] sync thread hitch warning: timer interval of 116 milliseconds
[ citizen-server-impl] sync thread hitch warning: timer interval of 109 milliseconds
[ citizen-server-impl] sync thread hitch warning: timer interval of 146 milliseconds
[ citizen-server-impl] server thread hitch warning: timer interval of 162 milliseconds
[ citizen-server-impl] sync thread hitch warning: timer interval of 121 milliseconds
[ citizen-server-impl] sync thread hitch warning: timer interval of 102 milliseconds
[ citizen-server-impl] Server list query returned an error: server request failed: server request failed for endpoint https://179.6.101.128:30120/dynamic.json (Get "https://179.6.101.128:30120/dynamic.json": read tcp 10.0.5.199:46584->179.6.101.128:30120: read: connection reset by peer)
[ citizen-server-impl] sync thread hitch warning: timer interval of 111 milliseconds
[ citizen-server-impl] Server list query returned an error: server request failed: server request failed for endpoint https://179.6.101.128:30120/info.json (Get "https://179.6.101.128:30120/info.json": context deadline exceeded (Client.Timeout exceeded while awaiting headers))
[ citizen-server-impl] Server list query returned an error: server request failed: server request failed for endpoint https://179.6.101.128:30120/info.json (Get "https://179.6.101.128:30120/info.json": context deadline exceeded (Client.Timeout exceeded while awaiting headers))
[  script:es_extended] [INFO] Saved 1 player over 0.0 ms
║             TXADMIN║ txaReportResources 
[      script:monitor] [txAdmin] Sending resources list to txAdmin.
║            Vxxxxxxx║ refresh 
[           resources] Scanning resources.
[   resources:pNotify] Warning: pNotify exists in more than one place (C:\Users\Valentino\Desktop\server\server-data\resources\[hud]\pNotify is used, the duplicate is C:\Users\Valentino\Desktop\server\server-data\resources\[jobs]\[nowl]\[minero]\pNotify)
[           resources] Found 2 new resources, and refreshed 0/160 resources.
[           resources] 1 warning was encountered.
║             TXADMIN║ txaReportResources 
[      script:monitor] [txAdmin] Sending resources list to txAdmin.
║            Vxxxxxxx║ ensure "saant_hud"
[    c-scripting-core] Creating script environments for saant_hud
[           resources] Started resource saant_hud
║             TXADMIN║ txaReportResources 
[      script:monitor] [txAdmin] Sending resources list to txAdmin.
║            Vxxxxxxx║ ensure "saant_hudid"
[    c-scripting-core] Creating script environments for saant_hudid
[resources:saant_hudi] Warning: could not find server_script `server/server.lua` (defined in fxmanifest.lua:133)
[resources:saant_hudi] Warning: could not find server_script `server/milleniumfalcon.lua` (defined in fxmanifest.lua:133)
[resources:saant_hudi] Warning: could not find file `html/img/weapons/appistol.png` (defined in fxmanifest.lua:11)
[resources:saant_hudi] Warning: could not find file `html/img/weapons/assaultrifle.png` (defined in fxmanifest.lua:11)
[resources:saant_hudi] Warning: could not find file `html/img/weapons/assaultrifle_mk2.png` (defined in fxmanifest.lua:11)
[resources:saant_hudi] Warning: could not find file `html/img/weapons/assaultshotgun.png` (defined in fxmanifest.lua:11)
[resources:saant_hudi] Warning: could not find file `html/img/weapons/assaultsmg.png` (defined in fxmanifest.lua:11)
[resources:saant_hudi] Warning: could not find file `html/img/weapons/autoshotgun.png` (defined in fxmanifest.lua:11)
[resources:saant_hudi] Warning: could not find file `html/img/weapons/ball.png` (defined in fxmanifest.lua:11)
[resources:saant_hudi] Warning: could not find file `html/img/weapons/bat.png` (defined in fxmanifest.lua:11)
[resources:saant_hudi] Warning: could not find file `html/img/weapons/battleaxe.png` (defined in fxmanifest.lua:11)
[resources:saant_hudi] Warning: could not find file `html/img/weapons/bottle.png` (defined in fxmanifest.lua:11)
[resources:saant_hudi] Warning: could not find file `html/img/weapons/bullpuprifle.png` (defined in fxmanifest.lua:11)
[resources:saant_hudi] Warning: could not find file `html/img/weapons/bullpuprifle_mk2.png` (defined in fxmanifest.lua:11)
[resources:saant_hudi] Warning: could not find file `html/img/weapons/bullpupshotgun.png` (defined in fxmanifest.lua:11)
[resources:saant_hudi] Warning: could not find file `html/img/weapons/bzgas.png` (defined in fxmanifest.lua:11)
[resources:saant_hudi] Warning: could not find file `html/img/weapons/carbinerifle.png` (defined in fxmanifest.lua:11)
[resources:saant_hudi] Warning: could not find file `html/img/weapons/carbinerifle_mk2.png` (defined in fxmanifest.lua:11)
[resources:saant_hudi] Warning: could not find file `html/img/weapons/combatmg.png` (defined in fxmanifest.lua:11)
[resources:saant_hudi] Warning: could not find file `html/img/weapons/combatmg_mk2.png` (defined in fxmanifest.lua:11)
[resources:saant_hudi] Warning: could not find file `html/img/weapons/combatpdw.png` (defined in fxmanifest.lua:11)
[resources:saant_hudi] Warning: could not find file `html/img/weapons/combatpistol.png` (defined in fxmanifest.lua:11)
[resources:saant_hudi] Warning: could not find file `html/img/weapons/compactlauncher.png` (defined in fxmanifest.lua:11)
[resources:saant_hudi] Warning: could not find file `html/img/weapons/compactrifle.png` (defined in fxmanifest.lua:11)
[resources:saant_hudi] Warning: could not find file `html/img/weapons/crowbar.png` (defined in fxmanifest.lua:11)
[resources:saant_hudi] Warning: could not find file `html/img/weapons/dagger.png` (defined in fxmanifest.lua:11)
[resources:saant_hudi] Warning: could not find file `html/img/weapons/dbshotgun.png` (defined in fxmanifest.lua:11)
[resources:saant_hudi] Warning: could not find file `html/img/weapons/doubleaction.png` (defined in fxmanifest.lua:11)
[resources:saant_hudi] Warning: could not find file `html/img/weapons/firework.png` (defined in fxmanifest.lua:11)
[resources:saant_hudi] Warning: could not find file `html/img/weapons/flare.png` (defined in fxmanifest.lua:11)
[resources:saant_hudi] Warning: could not find file `html/img/weapons/flaregun.png` (defined in fxmanifest.lua:11)
[resources:saant_hudi] Warning: could not find file `html/img/weapons/flashlight.png` (defined in fxmanifest.lua:11)
[resources:saant_hudi] Warning: could not find file `html/img/weapons/golfclub.png` (defined in fxmanifest.lua:11)
[resources:saant_hudi] Warning: could not find file `html/img/weapons/grenade.png` (defined in fxmanifest.lua:11)
[resources:saant_hudi] Warning: could not find file `html/img/weapons/grenadelauncher.png` (defined in fxmanifest.lua:11)
[resources:saant_hudi] Warning: could not find file `html/img/weapons/grenadelauncher_smoke.png` (defined in fxmanifest.lua:11)
[resources:saant_hudi] Warning: could not find file `html/img/weapons/gusenberg.png` (defined in fxmanifest.lua:11)
[resources:saant_hudi] Warning: could not find file `html/img/weapons/hammer.png` (defined in fxmanifest.lua:11)
[resources:saant_hudi] Warning: could not find file `html/img/weapons/hatchet.png` (defined in fxmanifest.lua:11)
[resources:saant_hudi] Warning: could not find file `html/img/weapons/heavypistol.png` (defined in fxmanifest.lua:11)
[resources:saant_hudi] Warning: could not find file `html/img/weapons/heavyshotgun.png` (defined in fxmanifest.lua:11)
[resources:saant_hudi] Warning: could not find file `html/img/weapons/heavysniper.png` (defined in fxmanifest.lua:11)
[resources:saant_hudi] Warning: could not find file `html/img/weapons/heavysniper_mk2.png` (defined in fxmanifest.lua:11)
[resources:saant_hudi] Warning: could not find file `html/img/weapons/hominglauncher.png` (defined in fxmanifest.lua:11)
[resources:saant_hudi] Warning: could not find file `html/img/weapons/knife.png` (defined in fxmanifest.lua:11)
[resources:saant_hudi] Warning: could not find file `html/img/weapons/knuckle.png` (defined in fxmanifest.lua:11)
[resources:saant_hudi] Warning: could not find file `html/img/weapons/machete.png` (defined in fxmanifest.lua:11)
[resources:saant_hudi] Warning: could not find file `html/img/weapons/machinepistol.png` (defined in fxmanifest.lua:11)
[resources:saant_hudi] Warning: could not find file `html/img/weapons/marksmanpistol.png` (defined in fxmanifest.lua:11)
[resources:saant_hudi] Warning: could not find file `html/img/weapons/marksmanrifle.png` (defined in fxmanifest.lua:11)
[resources:saant_hudi] Warning: could not find file `html/img/weapons/marksmanrifle_mk2.png` (defined in fxmanifest.lua:11)
[resources:saant_hudi] Warning: could not find file `html/img/weapons/mg.png` (defined in fxmanifest.lua:11)
[resources:saant_hudi] Warning: could not find file `html/img/weapons/microsmg.png` (defined in fxmanifest.lua:11)
[resources:saant_hudi] Warning: could not find file `html/img/weapons/minigun.png` (defined in fxmanifest.lua:11)
[resources:saant_hudi] Warning: could not find file `html/img/weapons/minismg.png` (defined in fxmanifest.lua:11)
[resources:saant_hudi] Warning: could not find file `html/img/weapons/molotov.png` (defined in fxmanifest.lua:11)
[resources:saant_hudi] Warning: could not find file `html/img/weapons/musket.png` (defined in fxmanifest.lua:11)
[resources:saant_hudi] Warning: could not find file `html/img/weapons/nightstick.png` (defined in fxmanifest.lua:11)
[resources:saant_hudi] Warning: could not find file `html/img/weapons/petrolcan.png` (defined in fxmanifest.lua:11)
[resources:saant_hudi] Warning: could not find file `html/img/weapons/pipebomb.png` (defined in fxmanifest.lua:11)
[resources:saant_hudi] Warning: could not find file `html/img/weapons/pistol.png` (defined in fxmanifest.lua:11)
[resources:saant_hudi] Warning: could not find file `html/img/weapons/pistol50.png` (defined in fxmanifest.lua:11)
[resources:saant_hudi] Warning: could not find file `html/img/weapons/pistol_mk2.png` (defined in fxmanifest.lua:11)
[resources:saant_hudi] Warning: could not find file `html/img/weapons/poolcue.png` (defined in fxmanifest.lua:11)
[resources:saant_hudi] Warning: could not find file `html/img/weapons/proxmine.png` (defined in fxmanifest.lua:11)
[resources:saant_hudi] Warning: could not find file `html/img/weapons/pumpshotgun.png` (defined in fxmanifest.lua:11)
[resources:saant_hudi] Warning: could not find file `html/img/weapons/pumpshotgun_mk2.png` (defined in fxmanifest.lua:11)
[resources:saant_hudi] Warning: could not find file `html/img/weapons/railgun.png` (defined in fxmanifest.lua:11)
[resources:saant_hudi] Warning: could not find file `html/img/weapons/raycarbine.png` (defined in fxmanifest.lua:11)
[resources:saant_hudi] Warning: could not find file `html/img/weapons/rayminigun.png` (defined in fxmanifest.lua:11)
[resources:saant_hudi] Warning: could not find file `html/img/weapons/raypistol.png` (defined in fxmanifest.lua:11)
[resources:saant_hudi] Warning: could not find file `html/img/weapons/revolver.png` (defined in fxmanifest.lua:11)
[resources:saant_hudi] Warning: could not find file `html/img/weapons/revolver_mk2.png` (defined in fxmanifest.lua:11)
[resources:saant_hudi] Warning: could not find file `html/img/weapons/rpg.png` (defined in fxmanifest.lua:11)
[resources:saant_hudi] Warning: could not find file `html/img/weapons/sawnoffshotgun.png` (defined in fxmanifest.lua:11)
[resources:saant_hudi] Warning: could not find file `html/img/weapons/smg.png` (defined in fxmanifest.lua:11)
[resources:saant_hudi] Warning: could not find file `html/img/weapons/smg_mk2.png` (defined in fxmanifest.lua:11)
[resources:saant_hudi] Warning: could not find file `html/img/weapons/smokegrenade.png` (defined in fxmanifest.lua:11)
[resources:saant_hudi] Warning: could not find file `html/img/weapons/sniperrifle.png` (defined in fxmanifest.lua:11)
[resources:saant_hudi] Warning: could not find file `html/img/weapons/snowball.png` (defined in fxmanifest.lua:11)
[resources:saant_hudi] Warning: could not find file `html/img/weapons/snspistol.png` (defined in fxmanifest.lua:11)
[resources:saant_hudi] Warning: could not find file `html/img/weapons/snspistol_mk2.png` (defined in fxmanifest.lua:11)
[resources:saant_hudi] Warning: could not find file `html/img/weapons/specialcarbine.png` (defined in fxmanifest.lua:11)
[resources:saant_hudi] Warning: could not find file `html/img/weapons/specialcarbine_mk2.png` (defined in fxmanifest.lua:11)
[resources:saant_hudi] Warning: could not find file `html/img/weapons/stickybomb.png` (defined in fxmanifest.lua:11)
[resources:saant_hudi] Warning: could not find file `html/img/weapons/stone_hatchet.png` (defined in fxmanifest.lua:11)
[resources:saant_hudi] Warning: could not find file `html/img/weapons/stungun.png` (defined in fxmanifest.lua:11)
[resources:saant_hudi] Warning: could not find file `html/img/weapons/switchblade.png` (defined in fxmanifest.lua:11)
[resources:saant_hudi] Warning: could not find file `html/img/weapons/unarmed.png` (defined in fxmanifest.lua:11)
[resources:saant_hudi] Warning: could not find file `html/img/weapons/vintagepistol.png` (defined in fxmanifest.lua:11)
[resources:saant_hudi] Warning: could not find file `html/img/weapons/wrench.png` (defined in fxmanifest.lua:11)
[           resources] Started resource saant_hudid (91 warnings)
║             TXADMIN║ txaReportResources 
[      script:monitor] [txAdmin] Sending resources list to txAdmin.
[ citizen-server-impl] Server list query returned an error: server request failed: server request failed for endpoint https://179.6.101.128:30120/dynamic.json (Get "https://179.6.101.128:30120/dynamic.json": context deadline exceeded (Client.Timeout exceeded while awaiting headers))
[ citizen-server-impl] sync thread hitch warning: timer interval of 131 milliseconds
[ citizen-server-impl] sync thread hitch warning: timer interval of 119 milliseconds
[ citizen-server-impl] Server list query returned an error: server request failed: server request failed for endpoint https://179.6.101.128:30120/dynamic.json (Get "https://179.6.101.128:30120/dynamic.json": context deadline exceeded (Client.Timeout exceeded while awaiting headers))
[ citizen-server-impl] sync thread hitch warning: timer interval of 138 milliseconds
[ citizen-server-impl] Server list query returned an error: server request failed: server request failed for endpoint https://179.6.101.128:30120/players.json (Get "https://179.6.101.128:30120/players.json": context deadline exceeded (Client.Timeout exceeded while awaiting headers))
