================================================================
======== txAdmin v8.1.1 atop fxserver 35805 Starting - 6/9/2026, 11:50:49 a. m.
================================================================
[11:54:15 a. m.] txAdmin: Logger started
[11:56:35 a. m.] [F9L6x#1] SharpTurtle2518: joined with identifiers [license:9406…bd4f, discord:1487…9142, license2:9406…bd4f]
[12:02:04 p. m.] [F9L6x#1] SharpTurtle2518: disconnected (Exiting)
================================================================
======== txAdmin v8.1.1 atop fxserver 35805 Starting - 6/9/2026, 4:56:07 p. m.
================================================================
[4:56:25 p. m.] txAdmin: Logger started
[4:57:24 p. m.] [RKT8c#1] SharpTurtle2518: joined with identifiers [license:9406…bd4f, discord:1487…9142, license2:9406…bd4f]
[5:01:17 p. m.] [RKT8c#1] SharpTurtle2518: enabled noclip
[5:01:17 p. m.] [RKT8c#1] SharpTurtle2518: became mortal (standard mode)
[5:01:17 p. m.] [RKT8c#1] SharpTurtle2518: enabled noclip
[5:01:18 p. m.] [RKT8c#1] SharpTurtle2518: became mortal (standard mode)
[5:01:44 p. m.] [RKT8c#1] SharpTurtle2518: enabled noclip
[5:01:47 p. m.] [RKT8c#1] SharpTurtle2518: became mortal (standard mode)
[5:01:47 p. m.] [RKT8c#1] SharpTurtle2518: enabled noclip
[5:01:49 p. m.] [RKT8c#1] SharpTurtle2518: became mortal (standard mode)
[5:02:11 p. m.] [RKT8c#1] SharpTurtle2518: said "/skin 1"
[5:02:28 p. m.] [RKT8c#1] SharpTurtle2518: enabled noclip
[5:02:30 p. m.] [RKT8c#1] SharpTurtle2518: became mortal (standard mode)
[5:02:30 p. m.] [RKT8c#1] SharpTurtle2518: enabled noclip
[5:02:33 p. m.] [RKT8c#1] SharpTurtle2518: became mortal (standard mode)
[5:02:34 p. m.] [RKT8c#1] SharpTurtle2518: enabled noclip
[5:02:36 p. m.] [RKT8c#1] SharpTurtle2518: became mortal (standard mode)
[5:03:39 p. m.] [RKT8c#1] SharpTurtle2518: enabled noclip
[5:03:40 p. m.] [RKT8c#1] SharpTurtle2518: became mortal (standard mode)
[5:03:40 p. m.] [RKT8c#1] SharpTurtle2518: enabled noclip
[5:03:41 p. m.] [RKT8c#1] SharpTurtle2518: became mortal (standard mode)
[5:03:41 p. m.] [RKT8c#1] SharpTurtle2518: enabled noclip
[5:03:43 p. m.] [RKT8c#1] SharpTurtle2518: became mortal (standard mode)
[5:03:44 p. m.] [RKT8c#1] SharpTurtle2518: enabled noclip
[5:03:45 p. m.] [RKT8c#1] SharpTurtle2518: became mortal (standard mode)
[5:07:09 p. m.] [RKT8c#1] SharpTurtle2518: enabled noclip
[5:07:12 p. m.] [RKT8c#1] SharpTurtle2518: became mortal (standard mode)
[5:07:41 p. m.] [RKT8c#1] SharpTurtle2518: enabled noclip
[5:07:42 p. m.] [RKT8c#1] SharpTurtle2518: became mortal (standard mode)
[5:07:46 p. m.] [RKT8c#1] SharpTurtle2518: enabled noclip
[5:07:50 p. m.] [RKT8c#1] SharpTurtle2518: became mortal (standard mode)
[5:08:02 p. m.] [RKT8c#1] SharpTurtle2518: enabled noclip
[5:08:04 p. m.] [RKT8c#1] SharpTurtle2518: became mortal (standard mode)
[5:08:07 p. m.] [RKT8c#1] SharpTurtle2518: enabled noclip
[5:08:08 p. m.] [RKT8c#1] SharpTurtle2518: became mortal (standard mode)
[5:09:29 p. m.] [RKT8c#1] SharpTurtle2518: enabled noclip
[5:09:31 p. m.] [RKT8c#1] SharpTurtle2518: became mortal (standard mode)
[5:10:11 p. m.] [RKT8c#1] SharpTurtle2518: enabled noclip
[5:10:13 p. m.] [RKT8c#1] SharpTurtle2518: became mortal (standard mode)
[5:10:21 p. m.] [RKT8c#1] SharpTurtle2518: spawned a vehicle (model: buzzard2)
[5:14:02 p. m.] [RKT8c#1] SharpTurtle2518: teleported to coordinates (x=1417.266, y=6344.191, z=23.200)
[5:14:19 p. m.] [RKT8c#1] SharpTurtle2518: teleported to coordinates (x=2231.784, y=5574.342, z=53.941)
[5:14:37 p. m.] [RKT8c#1] SharpTurtle2518: enabled noclip
[5:14:40 p. m.] [RKT8c#1] SharpTurtle2518: became mortal (standard mode)
[5:14:40 p. m.] [RKT8c#1] SharpTurtle2518: enabled noclip
[5:14:41 p. m.] [RKT8c#1] SharpTurtle2518: became mortal (standard mode)
[5:14:46 p. m.] [RKT8c#1] SharpTurtle2518: enabled noclip
[5:14:48 p. m.] [RKT8c#1] SharpTurtle2518: became mortal (standard mode)
[5:18:22 p. m.] [RKT8c#1] SharpTurtle2518: enabled noclip
[5:18:24 p. m.] [RKT8c#1] SharpTurtle2518: became mortal (standard mode)
[5:18:25 p. m.] [RKT8c#1] SharpTurtle2518: enabled noclip
[5:18:27 p. m.] [RKT8c#1] SharpTurtle2518: became mortal (standard mode)
[5:18:32 p. m.] [RKT8c#1] SharpTurtle2518: enabled noclip
[5:18:35 p. m.] [RKT8c#1] SharpTurtle2518: became mortal (standard mode)
[5:18:40 p. m.] [RKT8c#1] SharpTurtle2518: enabled noclip
[5:18:43 p. m.] [RKT8c#1] SharpTurtle2518: became mortal (standard mode)
[5:18:43 p. m.] [RKT8c#1] SharpTurtle2518: enabled noclip
[5:18:44 p. m.] [RKT8c#1] SharpTurtle2518: became mortal (standard mode)
[5:18:51 p. m.] [RKT8c#1] SharpTurtle2518: enabled noclip
[5:18:55 p. m.] [RKT8c#1] SharpTurtle2518: became mortal (standard mode)
[5:19:20 p. m.] [RKT8c#1] SharpTurtle2518: enabled noclip
[5:19:22 p. m.] [RKT8c#1] SharpTurtle2518: became mortal (standard mode)
[5:19:51 p. m.] [RKT8c#1] SharpTurtle2518: enabled noclip
[5:19:52 p. m.] [RKT8c#1] SharpTurtle2518: became mortal (standard mode)
[5:22:22 p. m.] [RKT8c#1] SharpTurtle2518: enabled noclip
[5:22:25 p. m.] [RKT8c#1] SharpTurtle2518: became mortal (standard mode)
[5:24:48 p. m.] [RKT8c#1] SharpTurtle2518: disconnected (Exiting)
